C:\Users\student\Desktop\lab4\lab4\implementation\system.ngc 1521802870
C:/Users/student/Desktop/lab4/lab4/implementation/system_dip_switches_wrapper.ngc 1521802832
C:/Users/student/Desktop/lab4/lab4/implementation/system_my_peripheral_0_wrapper.ngc 1521802838
C:/Users/student/Desktop/lab4/lab4/implementation/system_rs232_wrapper.ngc 1521802825
C:/Users/student/Desktop/lab4/lab4/implementation/system_proc_sys_reset_0_wrapper.ngc 1521802748
C:/Users/student/Desktop/lab4/lab4/implementation/system_clock_generator_0_wrapper.ngc 1521802857
C:/Users/student/Desktop/lab4/lab4/implementation/system_microblaze_0_ilmb_wrapper.ngc 1521802849
C:/Users/student/Desktop/lab4/lab4/implementation/system_microblaze_0_dlmb_wrapper.ngc 1521802851
C:/Users/student/Desktop/lab4/lab4/implementation/system_axi4lite_0_wrapper.ngc 1521802860
C:/Users/student/Desktop/lab4/lab4/implementation/system_microblaze_0_wrapper.ngc 1521802854
C:/Users/student/Desktop/lab4/lab4/implementation/system_microblaze_0_i_bram_ctrl_wrapper.ngc 1521802758
C:/Users/student/Desktop/lab4/lab4/implementation/system_microblaze_0_d_bram_ctrl_wrapper.ngc 1521802767
C:/Users/student/Desktop/lab4/lab4/implementation/system_debug_module_wrapper.ngc 1521802805
C:/Users/student/Desktop/lab4/lab4/implementation/system_my_peripheral_1_wrapper.ngc 1521802844
C:/Users/student/Desktop/lab4/lab4/implementation/system_microblaze_0_bram_block_wrapper.ngc 1521802773
OK
